
Emails: (2) ['alice@mail.com', 'charlie@mail.com']
Total Revenue: 1300
